{
  "json_format_version": [
    1,
    0
  ],
  "smartctl": {
    "version": [
      7,
      2
    ],
    "svn_revision": "5155",
    "platform_info": "x86_64-linux-5.14.2-zen1-2-zen",
    "build_info": "(local build)",
    "argv": [
      "smartctl",
      "-a",
      "--json",
      "-d",
      "sat",
      "/dev/sdb"
    ],
    "exit_status": 0
  },
  "device": {
    "name": "/dev/sdb",
    "info_name": "/dev/sdb [SAT]",
    "type": "sat",
    "protocol": "ATA"
  },
  "model_name": "TOSHIBA THNSN9240GESG",
  "serial_number": "************",
  "wwn": {
    "naa": 5,
    "oui": 2061,
    "id": 51545994013
  },
  "firmware_version": "SAFM12.3",
  "user_capacity": {
    "blocks": 468862128,
    "bytes": 240057409536
  },
  "logical_block_size": 512,
  "physical_block_size": 512,
  "rotation_rate": 0,
  "form_factor": {
    "ata_value": 3,
    "name": "2.5 inches"
  },
  "trim": {
    "supported": true,
    "deterministic": true,
    "zeroed": true
  },
  "in_smartctl_database": false,
  "ata_version": {
    "string": "ACS-2 (minor revision not indicated)",
    "major_value": 1016,
    "minor_value": 0
  },
  "sata_version": {
    "string": "SATA 3.1",
    "value": 127
  },
  "interface_speed": {
    "max": {
      "sata_value": 14,
      "string": "6.0 Gb/s",
      "units_per_second": 60,
      "bits_per_unit": 100000000
    },
    "current": {
      "sata_value": 2,
      "string": "3.0 Gb/s",
      "units_per_second": 30,
      "bits_per_unit": 100000000
    }
  },
  "local_time": {
    "time_t": 1631839438,
    "asctime": "Fri Sep 17 09:43:58 2021 JST"
  },
  "smart_status": {
    "passed": true
  },
  "ata_smart_data": {
    "offline_data_collection": {
      "status": {
        "value": 0,
        "string": "was never started"
      },
      "completion_seconds": 30
    },
    "self_test": {
      "status": {
        "value": 0,
        "string": "completed without error",
        "passed": true
      },
      "polling_minutes": {
        "short": 1,
        "extended": 2,
        "conveyance": 3
      }
    },
    "capabilities": {
      "values": [
        121,
        3
      ],
      "exec_offline_immediate_supported": true,
      "offline_is_aborted_upon_new_cmd": false,
      "offline_surface_scan_supported": true,
      "self_tests_supported": true,
      "conveyance_self_test_supported": true,
      "selective_self_test_supported": true,
      "attribute_autosave_enabled": true,
      "error_logging_supported": true,
      "gp_logging_supported": true
    }
  },
  "ata_smart_attributes": {
    "revision": 16,
    "table": [
      {
        "id": 9,
        "name": "Power_On_Hours",
        "value": 100,
        "worst": 100,
        "thresh": 0,
        "when_failed": "",
        "flags": {
          "value": 18,
          "string": "-O--C- ",
          "prefailure": false,
          "updated_online": true,
          "performance": false,
          "error_rate": false,
          "event_count": true,
          "auto_keep": false
        },
        "raw": {
          "value": 11159,
          "string": "11159"
        }
      },
      {
        "id": 12,
        "name": "Power_Cycle_Count",
        "value": 100,
        "worst": 100,
        "thresh": 0,
        "when_failed": "",
        "flags": {
          "value": 18,
          "string": "-O--C- ",
          "prefailure": false,
          "updated_online": true,
          "performance": false,
          "error_rate": false,
          "event_count": true,
          "auto_keep": false
        },
        "raw": {
          "value": 3920,
          "string": "3920"
        }
      },
      {
        "id": 167,
        "name": "Unknown_Attribute",
        "value": 100,
        "worst": 100,
        "thresh": 0,
        "when_failed": "",
        "flags": {
          "value": 34,
          "string": "-O---K ",
          "prefailure": false,
          "updated_online": true,
          "performance": false,
          "error_rate": false,
          "event_count": false,
          "auto_keep": true
        },
        "raw": {
          "value": 0,
          "string": "0"
        }
      },
      {
        "id": 168,
        "name": "Unknown_Attribute",
        "value": 100,
        "worst": 100,
        "thresh": 0,
        "when_failed": "",
        "flags": {
          "value": 18,
          "string": "-O--C- ",
          "prefailure": false,
          "updated_online": true,
          "performance": false,
          "error_rate": false,
          "event_count": true,
          "auto_keep": false
        },
        "raw": {
          "value": 0,
          "string": "0"
        }
      },
      {
        "id": 169,
        "name": "Unknown_Attribute",
        "value": 100,
        "worst": 100,
        "thresh": 10,
        "when_failed": "",
        "flags": {
          "value": 3,
          "string": "PO---- ",
          "prefailure": true,
          "updated_online": true,
          "performance": false,
          "error_rate": false,
          "event_count": false,
          "auto_keep": false
        },
        "raw": {
          "value": 0,
          "string": "0"
        }
      },
      {
        "id": 173,
        "name": "Unknown_Attribute",
        "value": 187,
        "worst": 187,
        "thresh": 0,
        "when_failed": "",
        "flags": {
          "value": 18,
          "string": "-O--C- ",
          "prefailure": false,
          "updated_online": true,
          "performance": false,
          "error_rate": false,
          "event_count": true,
          "auto_keep": false
        },
        "raw": {
          "value": 0,
          "string": "0"
        }
      },
      {
        "id": 192,
        "name": "Power-Off_Retract_Count",
        "value": 100,
        "worst": 100,
        "thresh": 0,
        "when_failed": "",
        "flags": {
          "value": 18,
          "string": "-O--C- ",
          "prefailure": false,
          "updated_online": true,
          "performance": false,
          "error_rate": false,
          "event_count": true,
          "auto_keep": false
        },
        "raw": {
          "value": 203,
          "string": "203"
        }
      },
      {
        "id": 194,
        "name": "Temperature_Celsius",
        "value": 74,
        "worst": 47,
        "thresh": 20,
        "when_failed": "",
        "flags": {
          "value": 35,
          "string": "PO---K ",
          "prefailure": true,
          "updated_online": true,
          "performance": false,
          "error_rate": false,
          "event_count": false,
          "auto_keep": true
        },
        "raw": {
          "value": 227633987610,
          "string": "26 (Min/Max 11/53)"
        }
      }
    ]
  },
  "power_on_time": {
    "hours": 11159
  },
  "power_cycle_count": 3920,
  "temperature": {
    "current": 26
  },
  "ata_smart_error_log": {
    "summary": {
      "revision": 1,
      "count": 0
    }
  },
  "ata_smart_self_test_log": {
    "standard": {
      "revision": 1,
      "count": 0
    }
  },
  "ata_smart_selective_self_test_log": {
    "revision": 1,
    "table": [
      {
        "lba_min": 0,
        "lba_max": 0,
        "status": {
          "value": 0,
          "string": "Not_testing"
        }
      },
      {
        "lba_min": 0,
        "lba_max": 0,
        "status": {
          "value": 0,
          "string": "Not_testing"
        }
      },
      {
        "lba_min": 0,
        "lba_max": 0,
        "status": {
          "value": 0,
          "string": "Not_testing"
        }
      },
      {
        "lba_min": 0,
        "lba_max": 0,
        "status": {
          "value": 0,
          "string": "Not_testing"
        }
      },
      {
        "lba_min": 0,
        "lba_max": 0,
        "status": {
          "value": 0,
          "string": "Not_testing"
        }
      }
    ],
    "flags": {
      "value": 0,
      "remainder_scan_enabled": false
    },
    "power_up_scan_resume_minutes": 0
  }
}

