{
    "model": "WDC  WDS100T2B0A-00SM50",
    "type": "sat",
    "rotation_rate": 0,
    "protocol": "ATA",
    "serial_number": "***********",
    "power_cycle": 40,
    "power_on_hours": 8880,
    "temperature": 27,
    "ssd.bytes_written": null,
    "ssd.lifespan": 94,
    "smart_status_passed": 1
  }
  