{
  "model": "Samsung SSD 980 500GB",
  "type": "nvme",
  "rotation_rate": null,
  "protocol": "NVMe",
  "serial_number": "**************",
  "power_cycle": 52,
  "power_on_hours": 361,
  "temperature": 47,
  "ssd.bytes_written": null,
  "ssd.lifespan": 100,
  "smart_status_passed": 1
}
